Java HotSpot(TM) 64-Bit Server VM (25.92-b14) for windows-amd64 JRE (1.8.0_92-b14), built on Mar 31 2016 21:03:04 by "java_re" with MS VC++ 10.0 (VS2010)
Memory: 4k page, physical 16661528k(11858972k free), swap 25760980k(20698016k free)
CommandLine flags: -XX:InitialHeapSize=536870912 -XX:MaxHeapSize=536870912 -XX:MaxNewSize=178958336 -XX:MaxTenuringThreshold=6 -XX:NewSize=178958336 -XX:OldPLABSize=16 -XX:OldSize=357912576 -XX:+PrintGC -XX:+PrintGCDateStamps -XX:+PrintGCDetails -XX:+PrintGCTimeStamps -XX:+UseCompressedClassPointers -XX:+UseCompressedOops -XX:+UseConcMarkSweepGC -XX:-UseLargePagesIndividualAllocation -XX:+UseParNewGC 
2020-10-28T21:45:15.823+0800: 0.334: [GC (Allocation Failure) 2020-10-28T21:45:15.823+0800: 0.334: [ParNew: 139776K->17471K(157248K), 0.0187474 secs] 139776K->45353K(506816K), 0.0190163 secs] [Times: user=0.02 sys=0.11, real=0.02 secs] 
2020-10-28T21:45:15.910+0800: 0.421: [GC (Allocation Failure) 2020-10-28T21:45:15.910+0800: 0.421: [ParNew: 157044K->17472K(157248K), 0.0262085 secs] 184926K->90227K(506816K), 0.0263030 secs] [Times: user=0.01 sys=0.11, real=0.03 secs] 
2020-10-28T21:45:15.998+0800: 0.509: [GC (Allocation Failure) 2020-10-28T21:45:15.998+0800: 0.509: [ParNew: 157248K->17472K(157248K), 0.0321692 secs] 230003K->135272K(506816K), 0.0322579 secs] [Times: user=0.22 sys=0.03, real=0.03 secs] 
2020-10-28T21:45:16.073+0800: 0.584: [GC (Allocation Failure) 2020-10-28T21:45:16.073+0800: 0.584: [ParNew: 157248K->17471K(157248K), 0.0341123 secs] 275048K->183438K(506816K), 0.0342014 secs] [Times: user=0.23 sys=0.00, real=0.03 secs] 
2020-10-28T21:45:16.156+0800: 0.667: [GC (Allocation Failure) 2020-10-28T21:45:16.156+0800: 0.667: [ParNew: 157247K->17472K(157248K), 0.0297195 secs] 323214K->224252K(506816K), 0.0298106 secs] [Times: user=0.13 sys=0.00, real=0.03 secs] 
2020-10-28T21:45:16.186+0800: 0.697: [GC (CMS Initial Mark) [1 CMS-initial-mark: 206780K(349568K)] 224766K(506816K), 0.0002623 secs] [Times: user=0.00 sys=0.00, real=0.00 secs] 
2020-10-28T21:45:16.186+0800: 0.697: [CMS-concurrent-mark-start]
2020-10-28T21:45:16.189+0800: 0.700: [CMS-concurrent-mark: 0.003/0.003 secs] [Times: user=0.03 sys=0.01, real=0.00 secs] 
2020-10-28T21:45:16.189+0800: 0.700: [CMS-concurrent-preclean-start]
2020-10-28T21:45:16.191+0800: 0.702: [CMS-concurrent-preclean: 0.001/0.001 secs] [Times: user=0.00 sys=0.00, real=0.00 secs] 
2020-10-28T21:45:16.191+0800: 0.702: [CMS-concurrent-abortable-preclean-start]
2020-10-28T21:45:16.232+0800: 0.743: [GC (Allocation Failure) 2020-10-28T21:45:16.232+0800: 0.743: [ParNew: 157084K->17471K(157248K), 0.0353993 secs] 363864K->275444K(506816K), 0.0354831 secs] [Times: user=0.36 sys=0.00, real=0.03 secs] 
2020-10-28T21:45:16.311+0800: 0.822: [GC (Allocation Failure) 2020-10-28T21:45:16.311+0800: 0.822: [ParNew: 157247K->17470K(157248K), 0.0321642 secs] 415220K->321544K(506816K), 0.0322583 secs] [Times: user=0.20 sys=0.05, real=0.03 secs] 
2020-10-28T21:45:16.396+0800: 0.907: [GC (Allocation Failure) 2020-10-28T21:45:16.397+0800: 0.908: [ParNew: 157246K->157246K(157248K), 0.0000357 secs]2020-10-28T21:45:16.397+0800: 0.908: [CMS2020-10-28T21:45:16.397+0800: 0.908: [CMS-concurrent-abortable-preclean: 0.007/0.206 secs] [Times: user=0.69 sys=0.05, real=0.21 secs] 
 (concurrent mode failure): 304073K->251177K(349568K), 0.0684643 secs] 461320K->251177K(506816K), [Metaspace: 2774K->2774K(1056768K)], 0.0686133 secs] [Times: user=0.06 sys=0.00, real=0.07 secs] 
2020-10-28T21:45:16.514+0800: 1.025: [GC (Allocation Failure) 2020-10-28T21:45:16.514+0800: 1.025: [ParNew: 139776K->17471K(157248K), 0.0105341 secs] 390953K->294564K(506816K), 0.0106232 secs] [Times: user=0.00 sys=0.00, real=0.01 secs] 
2020-10-28T21:45:16.525+0800: 1.036: [GC (CMS Initial Mark) [1 CMS-initial-mark: 277093K(349568K)] 294656K(506816K), 0.0001663 secs] [Times: user=0.00 sys=0.00, real=0.00 secs] 
2020-10-28T21:45:16.525+0800: 1.036: [CMS-concurrent-mark-start]
2020-10-28T21:45:16.528+0800: 1.039: [CMS-concurrent-mark: 0.003/0.003 secs] [Times: user=0.00 sys=0.00, real=0.00 secs] 
2020-10-28T21:45:16.528+0800: 1.039: [CMS-concurrent-preclean-start]
2020-10-28T21:45:16.529+0800: 1.040: [CMS-concurrent-preclean: 0.001/0.001 secs] [Times: user=0.00 sys=0.00, real=0.00 secs] 
2020-10-28T21:45:16.529+0800: 1.040: [CMS-concurrent-abortable-preclean-start]
2020-10-28T21:45:16.574+0800: 1.085: [GC (Allocation Failure) 2020-10-28T21:45:16.574+0800: 1.085: [ParNew: 157247K->17471K(157248K), 0.0217685 secs] 434340K->338913K(506816K), 0.0218613 secs] [Times: user=0.22 sys=0.00, real=0.02 secs] 
2020-10-28T21:45:16.643+0800: 1.155: [GC (Allocation Failure) 2020-10-28T21:45:16.644+0800: 1.155: [ParNew: 157247K->157247K(157248K), 0.0000365 secs]2020-10-28T21:45:16.644+0800: 1.155: [CMS2020-10-28T21:45:16.644+0800: 1.155: [CMS-concurrent-abortable-preclean: 0.004/0.115 secs] [Times: user=0.33 sys=0.00, real=0.12 secs] 
 (concurrent mode failure): 321442K->293696K(349568K), 0.0776850 secs] 478689K->293696K(506816K), [Metaspace: 2774K->2774K(1056768K)], 0.0778357 secs] [Times: user=0.08 sys=0.00, real=0.08 secs] 
Heap
 par new generation   total 157248K, used 5823K [0x00000000e0000000, 0x00000000eaaa0000, 0x00000000eaaa0000)
  eden space 139776K,   4% used [0x00000000e0000000, 0x00000000e05afe90, 0x00000000e8880000)
  from space 17472K,   0% used [0x00000000e9990000, 0x00000000e9990000, 0x00000000eaaa0000)
  to   space 17472K,   0% used [0x00000000e8880000, 0x00000000e8880000, 0x00000000e9990000)
 concurrent mark-sweep generation total 349568K, used 293696K [0x00000000eaaa0000, 0x0000000100000000, 0x0000000100000000)
 Metaspace       used 2780K, capacity 4486K, committed 4864K, reserved 1056768K
  class space    used 313K, capacity 386K, committed 512K, reserved 1048576K
